C:\git\FSharp.Azure.Quantum\blue\git\FSharp.Azure.Quantum\src\FSharp.Azure.Quantum\PerformanceBenchmarking.fs(84,34): error FS0010: Unexpected keyword 'base' in lambda expression [C:\git\FSharp.Azure.Quantum\blue\git\FSharp.Azure.Quantum\src\FSharp.Azure.Quantum\FSharp.Azure.Quantum.fsproj]
C:\git\FSharp.Azure.Quantum\blue\git\FSharp.Azure.Quantum\src\FSharp.Azure.Quantum\PerformanceBenchmarking.fs(88,33): error FS0010: Unexpected keyword 'base' in lambda expression [C:\git\FSharp.Azure.Quantum\blue\git\FSharp.Azure.Quantum\src\FSharp.Azure.Quantum\FSharp.Azure.Quantum.fsproj]

Build FAILED.

C:\git\FSharp.Azure.Quantum\blue\git\FSharp.Azure.Quantum\src\FSharp.Azure.Quantum\PerformanceBenchmarking.fs(84,34): error FS0010: Unexpected keyword 'base' in lambda expression [C:\git\FSharp.Azure.Quantum\blue\git\FSharp.Azure.Quantum\src\FSharp.Azure.Quantum\FSharp.Azure.Quantum.fsproj]
C:\git\FSharp.Azure.Quantum\blue\git\FSharp.Azure.Quantum\src\FSharp.Azure.Quantum\PerformanceBenchmarking.fs(88,33): error FS0010: Unexpected keyword 'base' in lambda expression [C:\git\FSharp.Azure.Quantum\blue\git\FSharp.Azure.Quantum\src\FSharp.Azure.Quantum\FSharp.Azure.Quantum.fsproj]
    0 Warning(s)
    2 Error(s)

Time Elapsed 00:00:00.98
