Test run for C:\git\FSharp.Azure.Quantum\blue\git\FSharp.Azure.Quantum\tests\FSharp.Azure.Quantum.Tests\bin\Debug\net10.0\FSharp.Azure.Quantum.Tests.dll (.NETCoreApp,Version=v10.0)
VSTest version 18.0.1 (x64)

Starting test execution, please wait...
A total of 1 test files matched the specified pattern.
C:\git\FSharp.Azure.Quantum\blue\git\FSharp.Azure.Quantum\tests\FSharp.Azure.Quantum.Tests\bin\Debug\net10.0\FSharp.Azure.Quantum.Tests.dll
[xUnit.net 00:00:00.00] xUnit.net VSTest Adapter v3.1.4+50e68bbb8b (64-bit .NET 10.0.0)
[xUnit.net 00:00:00.07]   Discovering: FSharp.Azure.Quantum.Tests
[xUnit.net 00:00:00.11]   Discovered:  FSharp.Azure.Quantum.Tests
[xUnit.net 00:00:00.12]   Starting:    FSharp.Azure.Quantum.Tests
[xUnit.net 00:00:00.16]   Finished:    FSharp.Azure.Quantum.Tests
  Passed FSharp.Azure.Quantum.Tests.PerformanceBenchmarkingTests.benchmarkClassicalPortfolio completes for 5 assets [17 ms]

Test Run Successful.
Total tests: 1
     Passed: 1
 Total time: 0.5480 Seconds
